// Jest Snapshot v1, https://goo.gl/fbAQLP

exports[`Should render a single ExpenseListitem 1`] = `
<div>
  <Link
    to="/edit/1"
  >
    <h3>
      Gum
    </h3>
  </Link>
  <p>
    $2.00
    -
    4th January, 1970
  </p>
</div>
`;
