// Jest Snapshot v1, https://goo.gl/fbAQLP

exports[`Should render ExpenseList with expenses 1`] = `
<div>
  <ExpenseListitem
    amount={200}
    createdAt={0}
    description="Gum"
    id="1"
    key="1"
    note=""
  />
  <ExpenseListitem
    amount={10000}
    createdAt={-345600000}
    description="Rent"
    id="2"
    key="2"
    note=""
  />
  <ExpenseListitem
    amount={5000}
    createdAt={345600000}
    description="Credit card"
    id="3"
    key="3"
    note=""
  />
</div>
`;

exports[`Should render ExpenseList without expenses 1`] = `
<div>
  <p>
    There are no expenses to show
  </p>
</div>
`;
